warning: unused import: `std::time::SystemTime`
 --> src\auth_flow_tests.rs:3:9
  |
3 |     use std::time::SystemTime;
  |         ^^^^^^^^^^^^^^^^^^^^^
  |
  = note: `#[warn(unused_imports)]` (part of `#[warn(unused)]`) on by default

warning: unused import: `regex::Regex`
 --> src\input_sanitization_tests.rs:3:9
  |
3 |     use regex::Regex;
  |         ^^^^^^^^^^^^

warning: unused import: `std::collections::HashMap`
 --> src\precommit_hooks_tests.rs:3:9
  |
3 |     use std::collections::HashMap;
  |         ^^^^^^^^^^^^^^^^^^^^^^^^^

warning: unused variable: `user_id`
   --> src\auth_flow_tests.rs:240:13
    |
240 |         let user_id = "user-123";
    |             ^^^^^^^ help: if this is intentional, prefix it with an underscore: `_user_id`
    |
    = note: `#[warn(unused_variables)]` (part of `#[warn(unused)]`) on by default

warning: unused variable: `endpoint`
  --> src\prometheus_metrics_tests.rs:10:13
   |
10 |         let endpoint = "/metrics";
   |             ^^^^^^^^ help: if this is intentional, prefix it with an underscore: `_endpoint`

warning: unused variable: `job_durations_sec`
   --> src\prometheus_metrics_tests.rs:188:13
    |
188 |         let job_durations_sec = vec![2, 5, 3, 4, 6, 2, 4];
    |             ^^^^^^^^^^^^^^^^^ help: if this is intentional, prefix it with an underscore: `_job_durations_sec`

warning: unused variable: `root_span`
   --> src\distributed_tracing_tests.rs:101:13
    |
101 |         let root_span = "POST /search";
    |             ^^^^^^^^^ help: if this is intentional, prefix it with an underscore: `_root_span`

warning: unused variable: `error_filter`
   --> src\distributed_tracing_tests.rs:346:13
    |
346 |         let error_filter = true;
    |             ^^^^^^^^^^^^ help: if this is intentional, prefix it with an underscore: `_error_filter`

warning: unused variable: `log_entry`
   --> src\distributed_tracing_tests.rs:400:13
    |
400 |         let log_entry = format!("Processing [{}]", trace_id);
    |             ^^^^^^^^^ help: if this is intentional, prefix it with an underscore: `_log_entry`

warning: unused variable: `queue_depth`
   --> src\health_checks_tests.rs:248:13
    |
248 |         let queue_depth = 5000;
    |             ^^^^^^^^^^^ help: if this is intentional, prefix it with an underscore: `_queue_depth`

warning: unused variable: `code_files`
   --> src\precommit_hooks_tests.rs:160:13
    |
160 |         let code_files = vec!["new_feature.rs"];
    |             ^^^^^^^^^^ help: if this is intentional, prefix it with an underscore: `_code_files`

warning: unused variable: `version`
   --> src\release_automation_tests.rs:262:13
    |
262 |         let version = "0.2.0";
    |             ^^^^^^^ help: if this is intentional, prefix it with an underscore: `_version`

warning: unused variable: `version`
   --> src\release_automation_tests.rs:271:13
    |
271 |         let version = "0.2.0";
    |             ^^^^^^^ help: if this is intentional, prefix it with an underscore: `_version`

warning: unused variable: `version`
   --> src\release_automation_tests.rs:280:13
    |
280 |         let version = "0.2.0";
    |             ^^^^^^^ help: if this is intentional, prefix it with an underscore: `_version`

warning: fields `url` and `headers` are never read
  --> src\clients\flaresolverr.rs:27:5
   |
26 | struct FlareSolverrSolution {
   |        -------------------- fields in this struct
27 |     url: String,
   |     ^^^
28 |     status: u16,
29 |     headers: Option<serde_json::Value>,
   |     ^^^^^^^
   |
   = note: `FlareSolverrSolution` has a derived impl for the trait `Debug`, but this is intentionally ignored during dead code analysis
   = note: `#[warn(dead_code)]` (part of `#[warn(unused)]`) on by default

warning: fields `jackett_url`, `jackett_api_key`, and `flaresolverr_url` are never read
  --> src\tests.rs:11:13
   |
 7 |     pub struct TestConfig {
   |                ---------- fields in this struct
...
11 |         pub jackett_url: String,
   |             ^^^^^^^^^^^
12 |         pub jackett_api_key: String,
   |             ^^^^^^^^^^^^^^^
13 |         pub flaresolverr_url: String,
   |             ^^^^^^^^^^^^^^^^
   |
   = note: `TestConfig` has derived impls for the traits `Debug` and `Clone`, but these are intentionally ignored during dead code analysis

warning: struct `TestTorrentBuilder` is never constructed
  --> src\tests.rs:48:16
   |
48 |     pub struct TestTorrentBuilder {
   |                ^^^^^^^^^^^^^^^^^^

warning: associated items `new`, `with_title`, `with_seeders`, `with_leechers`, `with_size`, and `with_provider` are never used
  --> src\tests.rs:71:16
   |
70 |     impl TestTorrentBuilder {
   |     ----------------------- associated items in this implementation
71 |         pub fn new() -> Self {
   |                ^^^
...
75 |         pub fn with_title(mut self, title: impl Into<String>) -> Self {
   |                ^^^^^^^^^^
...
80 |         pub fn with_seeders(mut self, count: i32) -> Self {
   |                ^^^^^^^^^^^^
...
85 |         pub fn with_leechers(mut self, count: i32) -> Self {
   |                ^^^^^^^^^^^^^
...
90 |         pub fn with_size(mut self, bytes: i64) -> Self {
   |                ^^^^^^^^^
...
95 |         pub fn with_provider(mut self, provider: impl Into<String>) -> Self {
   |                ^^^^^^^^^^^^^

warning: field `durable_name` is never read
  --> src\nats_integration_tests.rs:53:13
   |
51 |         struct ConsumerGroup {
   |                ------------- field in this struct
52 |             name: String,
53 |             durable_name: String,
   |             ^^^^^^^^^^^^

warning: variants `Nacked` and `NotProcessed` are never constructed
  --> src\nats_integration_tests.rs:90:13
   |
88 |         enum MessageAckStatus {
   |              ---------------- variants in this enum
89 |             Acked,
90 |             Nacked,
   |             ^^^^^^
91 |             NotProcessed,
   |             ^^^^^^^^^^^^

warning: fields `email` and `password` are never read
   --> src\auth_flow_tests.rs:190:13
    |
189 |         struct LoginRequest {
    |                ------------ fields in this struct
190 |             email: String,
    |             ^^^^^
191 |             password: String,
    |             ^^^^^^^^

warning: struct `RefreshRequest` is never constructed
   --> src\auth_flow_tests.rs:219:16
    |
219 |         struct RefreshRequest {
    |                ^^^^^^^^^^^^^^

warning: fields `device` and `created_at` are never read
   --> src\auth_flow_tests.rs:345:13
    |
342 |         struct Session {
    |                ------- fields in this struct
...
345 |             device: String,
    |             ^^^^^^
346 |             created_at: i64,
    |             ^^^^^^^^^^

warning: struct `SecretPattern` is never constructed
 --> src\secrets_audit_tests.rs:8:12
  |
8 |     struct SecretPattern {
  |            ^^^^^^^^^^^^^

warning: constant `SECRET_PATTERNS` is never used
  --> src\secrets_audit_tests.rs:13:11
   |
13 |     const SECRET_PATTERNS: &[SecretPattern] = &[
   |           ^^^^^^^^^^^^^^^

warning: field `password_hash` is never read
   --> src\secrets_audit_tests.rs:212:13
    |
209 |         struct UserData {
    |                -------- field in this struct
...
212 |             password_hash: String, // Should be filtered
    |             ^^^^^^^^^^^^^

warning: fields `user_id`, `timestamp`, `ip_address`, and `result` are never read
   --> src\secrets_audit_tests.rs:286:13
    |
284 |         struct AuditLog {
    |                -------- fields in this struct
285 |             action: String,
286 |             user_id: String,
    |             ^^^^^^^
287 |             timestamp: i64,
    |             ^^^^^^^^^
288 |             ip_address: String,
    |             ^^^^^^^^^^
289 |             result: String, // "success" or "failure"
    |             ^^^^^^
    |
    = note: `AuditLog` has a derived impl for the trait `Debug`, but this is intentionally ignored during dead code analysis

warning: fields `database_url` and `api_key` are never read
   --> src\secrets_audit_tests.rs:309:13
    |
308 |         struct Config {
    |                ------ fields in this struct
309 |             database_url: String,
    |             ^^^^^^^^^^^^
310 |             api_key: String,
    |             ^^^^^^^
    |
    = note: `Config` has a derived impl for the trait `Debug`, but this is intentionally ignored during dead code analysis

warning: field `failed_connections` is never read
  --> src\load_testing_tests.rs:12:9
   |
 9 |     struct ConnectionMetrics {
   |            ----------------- field in this struct
...
12 |         failed_connections: usize,
   |         ^^^^^^^^^^^^^^^^^^

warning: field `error_type` is never read
  --> src\prometheus_metrics_tests.rs:89:13
   |
88 |         struct ErrorMetric {
   |                ----------- field in this struct
89 |             error_type: String,
   |             ^^^^^^^^^^

warning: fields `job_id` and `timestamp` are never read
  --> src\distributed_tracing_tests.rs:24:13
   |
23 |         struct NatsMessage {
   |                ----------- fields in this struct
24 |             job_id: String,
   |             ^^^^^^
25 |             request_id: String, // Propagated
26 |             timestamp: i64,
   |             ^^^^^^^^^

warning: field `body` is never read
  --> src\distributed_tracing_tests.rs:52:13
   |
49 |         struct ApiResponse {
   |                ----------- field in this struct
...
52 |             body: String,
   |             ^^^^

warning: fields `parent_span_id` and `trace_flags` are never read
  --> src\distributed_tracing_tests.rs:73:13
   |
70 |         struct TraceContext {
   |                ------------ fields in this struct
...
73 |             parent_span_id: Option<String>,
   |             ^^^^^^^^^^^^^^
74 |             trace_flags: u8,
   |             ^^^^^^^^^^^

warning: field `tracestate` is never read
   --> src\distributed_tracing_tests.rs:131:13
    |
129 |         struct HttpHeaders {
    |                ----------- field in this struct
130 |             traceparent: String,
131 |             tracestate: String,
    |             ^^^^^^^^^^

warning: field `attributes` is never read
   --> src\distributed_tracing_tests.rs:151:13
    |
147 |         struct Span {
    |                ---- field in this struct
...
151 |             attributes: HashMap<String, String>,
    |             ^^^^^^^^^^

warning: fields `error_message` and `stack_trace` are never read
   --> src\distributed_tracing_tests.rs:177:13
    |
174 |         struct ErrorSpan {
    |                --------- fields in this struct
...
177 |             error_message: String,
    |             ^^^^^^^^^^^^^
178 |             stack_trace: Option<String>,
    |             ^^^^^^^^^^^

warning: fields `job_id` and `span_id` are never read
   --> src\distributed_tracing_tests.rs:247:13
    |
246 |         struct NatsJobMessage {
    |                -------------- fields in this struct
247 |             job_id: String,
    |             ^^^^^^
248 |             trace_id: String,
249 |             span_id: String,
    |             ^^^^^^^

warning: field `result_count` is never read
   --> src\distributed_tracing_tests.rs:267:13
    |
264 |         struct DatabaseSpan {
    |                ------------ field in this struct
...
267 |             result_count: usize,
    |             ^^^^^^^^^^^^

warning: fields `key` and `hit` are never read
   --> src\distributed_tracing_tests.rs:285:13
    |
283 |         struct CacheSpan {
    |                --------- fields in this struct
284 |             operation: String,
285 |             key: String,
    |             ^^^
286 |             hit: bool,
    |             ^^^

warning: field `batch_size` is never read
   --> src\distributed_tracing_tests.rs:309:13
    |
306 |         struct TraceExportConfig {
    |                ----------------- field in this struct
...
309 |             batch_size: usize,
    |             ^^^^^^^^^^

warning: fields `disk` and `memory` are never read
  --> src\health_checks_tests.rs:83:13
   |
79 |         struct DeepHealthStatus {
   |                ---------------- fields in this struct
...
83 |             disk: String,
   |             ^^^^
84 |             memory: String,
   |             ^^^^^^

warning: fields `name` and `status` are never read
   --> src\health_checks_tests.rs:195:13
    |
194 |         struct ComponentHealth {
    |                --------------- fields in this struct
195 |             name: String,
    |             ^^^^
196 |             status: String,
    |             ^^^^^^

warning: field `status` is never read
   --> src\health_checks_tests.rs:222:13
    |
221 |         struct HealthResponse {
    |                -------------- field in this struct
222 |             status: String,
    |             ^^^^^^

warning: fields `component` and `status` are never read
   --> src\health_checks_tests.rs:260:13
    |
259 |         struct HealthCheckLog {
    |                -------------- fields in this struct
260 |             component: String,
    |             ^^^^^^^^^
261 |             status: String,
    |             ^^^^^^

warning: comparison is useless due to type limits
   --> src\prometheus_metrics_tests.rs:109:21
    |
109 |             assert!(m.count >= 0, "Error count should be non-negative");
    |                     ^^^^^^^^^^^^
    |
    = note: `#[warn(unused_comparisons)]` on by default

warning: `sokoul` (bin "sokoul" test) generated 45 warnings (run `cargo fix --bin "sokoul" -p sokoul --tests` to apply 14 suggestions)
    Finished `test` profile [unoptimized + debuginfo] target(s) in 0.75s
warning: the following packages contain code that will be rejected by a future version of Rust: redis v0.24.0, sqlx-postgres v0.7.4
note: to see what the problems were, use the option `--future-incompat-report`, or run `cargo report future-incompatibilities --id 1`
     Running unittests src\main.rs (target\debug\deps\sokoul-8828de4466deec0e.exe)

running 488 tests
test api::middleware::tests::test_audit_log_creation ... ok
test api::middleware::tests::test_audit_log_with_failure ... ok
test auth_flow_tests::auth_flow_tests::test_concurrent_sessions_allowed ... ok
test auth_flow_tests::auth_flow_tests::test_auth_register_flow ... ok
test auth_flow_tests::auth_flow_tests::test_auth_login_flow ... ok
test auth_flow_tests::auth_flow_tests::test_auth_logout_flow ... ok
test auth_flow_tests::auth_flow_tests::test_auth_token_refresh_flow ... ok
test auth_flow_tests::auth_flow_tests::test_jwt_required_claims ... ok
test auth_flow_tests::auth_flow_tests::test_jwt_token_creation ... ok
test auth_flow_tests::auth_flow_tests::test_invalid_token_format_rejected ... ok
test auth_flow_tests::auth_flow_tests::test_jwt_token_expiration ... ok
test auth_flow_tests::auth_flow_tests::test_max_password_reset_attempts ... ok
test auth_flow_tests::auth_flow_tests::test_password_minimum_length ... ok
test auth_flow_tests::auth_flow_tests::test_password_never_stored_plaintext ... ok
test auth_flow_tests::auth_flow_tests::test_jwt_token_signature_validation ... ok
test auth_flow_tests::auth_flow_tests::test_password_reset_link_expiration ... ok
test auth_flow_tests::auth_flow_tests::test_refresh_token_expiration ... ok
test auth_flow_tests::auth_flow_tests::test_refresh_token_generation ... ok
test auth_flow_tests::auth_flow_tests::test_refresh_token_revocation ... ok
test auth_flow_tests::auth_flow_tests::test_session_timeout ... ok
test auth_flow_tests::auth_flow_tests::test_token_without_user_id_rejected ... ok
test chaos_engineering_tests::chaos_engineering_tests::test_bulkhead_isolation_prevents_cascade ... ok
test chaos_engineering_tests::chaos_engineering_tests::test_circuit_breaker_half_open_test_recovery ... ok
test chaos_engineering_tests::chaos_engineering_tests::test_circuit_breaker_opens_after_failures ... ok
test chaos_engineering_tests::chaos_engineering_tests::test_circuit_breaker_rejects_fast_fail ... ok
test chaos_engineering_tests::chaos_engineering_tests::test_db_connection_pool_exhaustion ... ok
test chaos_engineering_tests::chaos_engineering_tests::test_db_connection_refused_retry ... ok
test chaos_engineering_tests::chaos_engineering_tests::test_db_corrupted_data_detected ... ok
test chaos_engineering_tests::chaos_engineering_tests::test_db_down_api_returns_503 ... ok
test chaos_engineering_tests::chaos_engineering_tests::test_db_foreign_key_violation_handled ... ok
test chaos_engineering_tests::chaos_engineering_tests::test_db_slow_query_timeout ... ok
test chaos_engineering_tests::chaos_engineering_tests::test_degraded_mode_continues_service ... ok
test chaos_engineering_tests::chaos_engineering_tests::test_disk_space_full_detected ... ok
test chaos_engineering_tests::chaos_engineering_tests::test_dns_resolution_failure_retry ... ok
test chaos_engineering_tests::chaos_engineering_tests::test_file_descriptor_exhaustion_handled ... ok
test chaos_engineering_tests::chaos_engineering_tests::test_force_quit_after_grace_period ... ok
test chaos_engineering_tests::chaos_engineering_tests::test_graceful_shutdown_acknowledges_nats_messages ... ok
test chaos_engineering_tests::chaos_engineering_tests::test_graceful_shutdown_completes_in_flight_requests ... ok
test chaos_engineering_tests::chaos_engineering_tests::test_graceful_shutdown_drains_connections ... ok
test chaos_engineering_tests::chaos_engineering_tests::test_graceful_shutdown_health_check_returns_unhealthy ... ok
test chaos_engineering_tests::chaos_engineering_tests::test_log_file_rotation_on_full ... ok
test chaos_engineering_tests::chaos_engineering_tests::test_nats_max_redelivery_to_dlq ... ok
test chaos_engineering_tests::chaos_engineering_tests::test_nats_message_ack_timeout ... ok
test chaos_engineering_tests::chaos_engineering_tests::test_nats_reconnect_on_recovery ... ok
test chaos_engineering_tests::chaos_engineering_tests::test_nats_stream_overflow_handled ... ok
test chaos_engineering_tests::chaos_engineering_tests::test_nats_unavailable_queues_locally ... ok
test chaos_engineering_tests::chaos_engineering_tests::test_network_latency_increased_to_500ms ... ok
test chaos_engineering_tests::chaos_engineering_tests::test_packet_loss_5_percent_handled ... ok
test chaos_engineering_tests::chaos_engineering_tests::test_partial_results_acceptable ... ok
test chaos_engineering_tests::chaos_engineering_tests::test_provider_failure_fallback_to_next ... ok
test chaos_engineering_tests::chaos_engineering_tests::test_redis_connection_refused_retry ... ok
test chaos_engineering_tests::chaos_engineering_tests::test_redis_key_expiration_checked ... ok
test chaos_engineering_tests::chaos_engineering_tests::test_redis_memory_full_handled ... ok
test chaos_engineering_tests::chaos_engineering_tests::test_redis_unavailable_fallback_to_db ... ok
test chaos_engineering_tests::chaos_engineering_tests::test_slow_tracker_response_timeout ... ok
test chaos_engineering_tests::chaos_engineering_tests::test_timeout_prevents_hanging_requests ... ok
test config_tests::config_tests::test_bool_parsing ... ok
test config_tests::config_tests::test_cors_origins_parsing ... ok
test config_tests::config_tests::test_empty_cors_origins ... ok
test config_tests::config_tests::test_int_parsing ... ok
test config_tests::config_tests::test_optional_defaults ... ok
test config_tests::config_tests::test_rate_limit_parsing ... ok
test config_tests::config_tests::test_required_env_vars_present ... ok
test config_tests::retry_tests::test_exponential_backoff_calculation ... ok
test config_tests::retry_tests::test_exponential_backoff_max_cap ... ok
test config_tests::utils_tests::test_scoring_concept ... ok
test config_tests::utils_tests::test_scoring_good_ratio ... ok
test config_tests::utils_tests::test_scoring_high_seeders ... ok
test config_tests::utils_tests::test_scoring_low_seeders ... ok
test config_tests::utils_tests::test_scoring_no_seeders ... ok
test distributed_tracing_tests::distributed_tracing_tests::test_cache_operations_traced ... ok
test distributed_tracing_tests::distributed_tracing_tests::test_child_spans_created ... ok
test distributed_tracing_tests::distributed_tracing_tests::test_db_queries_traced ... ok
test distributed_tracing_tests::distributed_tracing_tests::test_error_traces_always_sampled ... ok
test distributed_tracing_tests::distributed_tracing_tests::test_full_request_flow_traceable ... ok
test distributed_tracing_tests::distributed_tracing_tests::test_nats_message_carries_trace_context ... ok
test distributed_tracing_tests::distributed_tracing_tests::test_nested_spans_timing ... ok
test distributed_tracing_tests::distributed_tracing_tests::test_request_creates_root_span ... ok
test distributed_tracing_tests::distributed_tracing_tests::test_request_id_in_response_header ... ok
test distributed_tracing_tests::distributed_tracing_tests::test_request_id_generated_if_missing ... ok
test distributed_tracing_tests::distributed_tracing_tests::test_request_id_in_worker_logs ... ok
test distributed_tracing_tests::distributed_tracing_tests::test_request_id_propagated_to_nats ... ok
test distributed_tracing_tests::distributed_tracing_tests::test_span_duration_recorded ... ok
test distributed_tracing_tests::distributed_tracing_tests::test_span_error_attributes ... ok
test distributed_tracing_tests::distributed_tracing_tests::test_span_has_required_attributes ... ok
test distributed_tracing_tests::distributed_tracing_tests::test_span_id_unique_per_operation ... ok
test distributed_tracing_tests::distributed_tracing_tests::test_trace_batching ... ok
test distributed_tracing_tests::distributed_tracing_tests::test_trace_context_in_http_headers ... ok
test distributed_tracing_tests::distributed_tracing_tests::test_trace_context_structure ... ok
test distributed_tracing_tests::distributed_tracing_tests::test_trace_id_consistent_across_flow ... ok
test client_tests::flaresolverr_client_tests::test_flaresolverr_error_response ... ok
test client_tests::flaresolverr_client_tests::test_flaresolverr_cloudflare_challenge ... ok
test client_tests::tmdb_client_tests::test_tmdb_empty_results ... ok
test client_tests::tmdb_client_tests::test_tmdb_search_tv_mock ... ok
test client_tests::tmdb_client_tests::test_tmdb_api_error_handling ... ok
test client_tests::tmdb_client_tests::test_tmdb_search_movie_mock ... ok
test distributed_tracing_tests::distributed_tracing_tests::test_trace_sampling_probability ... ok
test client_tests::flaresolverr_client_tests::test_flaresolverr_request_success ... ok
test distributed_tracing_tests::distributed_tracing_tests::test_trace_shows_service_boundaries ... ok
test distributed_tracing_tests::distributed_tracing_tests::test_traces_exported_to_collector ... ok
test client_tests::http_mock_integration_tests::test_multiple_api_calls ... ok
test distributed_tracing_tests::distributed_tracing_tests::test_traces_queryable_by_error ... ok
test distributed_tracing_tests::distributed_tracing_tests::test_traces_queryable_by_latency ... ok
test distributed_tracing_tests::distributed_tracing_tests::test_traces_queryable_by_request_id ... ok
test distributed_tracing_tests::distributed_tracing_tests::test_w3c_trace_context_format ... ok
test github_actions_tests::github_actions_tests::test_build_job_compiles_release ... ok
test github_actions_tests::github_actions_tests::test_build_job_creates_artifacts ... ok
test github_actions_tests::github_actions_tests::test_build_job_uploads_artifact ... ok
test github_actions_tests::github_actions_tests::test_cargo_cache_enabled ... ok
test github_actions_tests::github_actions_tests::test_docker_job_builds_image ... ok
test github_actions_tests::github_actions_tests::test_docker_job_pushes_to_registry ... ok
test github_actions_tests::github_actions_tests::test_docker_job_tags_image ... ok
test github_actions_tests::github_actions_tests::test_jobs_have_steps ... ok
test github_actions_tests::github_actions_tests::test_jobs_run_on_correct_runner ... ok
test github_actions_tests::github_actions_tests::test_jobs_run_sequentially_when_needed ... ok
test github_actions_tests::github_actions_tests::test_lint_job_checks_format ... ok
test github_actions_tests::github_actions_tests::test_lint_job_runs_clippy ... ok
test github_actions_tests::github_actions_tests::test_parallel_jobs_run_concurrently ... ok
test github_actions_tests::github_actions_tests::test_required_status_checks_block_merge ... ok
test github_actions_tests::github_actions_tests::test_scheduled_job_pulls_latest ... ok
test github_actions_tests::github_actions_tests::test_secrets_properly_accessed ... ok
test github_actions_tests::github_actions_tests::test_security_job_runs_audit ... ok
test github_actions_tests::github_actions_tests::test_security_job_scans_for_secrets ... ok
test github_actions_tests::github_actions_tests::test_target_cache_enabled ... ok
test github_actions_tests::github_actions_tests::test_test_job_runs_all_tests ... ok
test github_actions_tests::github_actions_tests::test_test_job_runs_release_tests ... ok
test github_actions_tests::github_actions_tests::test_test_job_uploads_coverage ... ok
test github_actions_tests::github_actions_tests::test_test_matrix_multiple_os ... ok
test github_actions_tests::github_actions_tests::test_test_matrix_multiple_rust_versions ... ok
test github_actions_tests::github_actions_tests::test_workflow_can_run_on_schedule ... ok
test github_actions_tests::github_actions_tests::test_workflow_file_exists ... ok
test github_actions_tests::github_actions_tests::test_workflow_has_concurrency_limit ... ok
test github_actions_tests::github_actions_tests::test_workflow_has_env_vars ... ok
test github_actions_tests::github_actions_tests::test_workflow_has_multiple_jobs ... ok
test github_actions_tests::github_actions_tests::test_workflow_has_name ... ok
test github_actions_tests::github_actions_tests::test_workflow_has_trigger_events ... ok
test github_actions_tests::github_actions_tests::test_workflow_notifies_on_failure ... ok
test github_actions_tests::github_actions_tests::test_workflow_skips_on_documentation_only ... ok
test github_actions_tests::github_actions_tests::test_workflow_status_visible_in_pr ... ok
test github_actions_tests::github_actions_tests::test_workflow_notifies_on_success ... ok
test github_actions_tests::github_actions_tests::test_workflow_stops_on_lint_failure ... ok
test github_actions_tests::github_actions_tests::test_workflow_stops_on_security_failure ... ok
test github_actions_tests::github_actions_tests::test_workflow_stops_on_test_failure ... ok
test github_actions_tests::github_actions_tests::test_workflow_valid_yaml ... ok
test health_checks_tests::health_checks_tests::test_database_connectivity_checked ... ok
test health_checks_tests::health_checks_tests::test_deep_health_checks_all_dependencies ... ok
test health_checks_tests::health_checks_tests::test_degraded_health_when_optional_service_down ... ok
test health_checks_tests::health_checks_tests::test_health_check_failures_logged ... ok
test health_checks_tests::health_checks_tests::test_health_endpoint_json_response ... ok
test health_checks_tests::health_checks_tests::test_health_endpoint_no_authentication ... ok
test health_checks_tests::health_checks_tests::test_health_endpoint_no_rate_limit ... ok
test health_checks_tests::health_checks_tests::test_health_endpoint_returns_200 ... ok
test health_checks_tests::health_checks_tests::test_health_history_available ... ok
test health_checks_tests::health_checks_tests::test_health_includes_response_times ... ok
test health_checks_tests::health_checks_tests::test_health_includes_version_info ... ok
test health_checks_tests::health_checks_tests::test_health_not_affected_by_worker_backlog ... ok
test health_checks_tests::health_checks_tests::test_health_reflects_actual_state ... ok
test health_checks_tests::health_checks_tests::test_health_response_has_cache_header ... ok
test health_checks_tests::health_checks_tests::test_health_response_has_timestamp ... ok
test health_checks_tests::health_checks_tests::test_health_returns_unhealthy_during_shutdown ... ok
test health_checks_tests::health_checks_tests::test_health_transitions_logged ... ok
test health_checks_tests::health_checks_tests::test_health_responsive_under_load ... ok
test health_checks_tests::health_checks_tests::test_health_trends_detectable ... ok
test health_checks_tests::health_checks_tests::test_liveness_endpoint_available ... ok
test health_checks_tests::health_checks_tests::test_liveness_probe_fast ... ok
test health_checks_tests::health_checks_tests::test_nats_connectivity_checked ... ok
test health_checks_tests::health_checks_tests::test_readiness_endpoint_available ... ok
test health_checks_tests::health_checks_tests::test_readiness_probe_checks_dependencies ... ok
test health_checks_tests::health_checks_tests::test_readiness_returns_false_during_shutdown ... ok
test health_checks_tests::health_checks_tests::test_redis_connectivity_checked ... ok
test health_checks_tests::health_checks_tests::test_service_not_ready_during_startup ... ok
test health_checks_tests::health_checks_tests::test_service_ready_after_startup ... ok
test health_checks_tests::health_checks_tests::test_startup_endpoint_available ... ok
test health_checks_tests::health_checks_tests::test_startup_probe_waits_for_initialization ... ok
test health_checks_tests::health_checks_tests::test_unhealthy_when_critical_service_down ... ok
test input_sanitization_tests::input_sanitization_tests::test_alphanumeric_whitelist ... ok
test input_sanitization_tests::input_sanitization_tests::test_command_injection_backtick_blocked ... ok
test input_sanitization_tests::input_sanitization_tests::test_command_injection_pipe_blocked ... ok
test input_sanitization_tests::input_sanitization_tests::test_command_injection_semicolon_blocked ... ok
test input_sanitization_tests::input_sanitization_tests::test_email_format_validation ... ok
test input_sanitization_tests::input_sanitization_tests::test_file_upload_filename_sanitization ... ok
test input_sanitization_tests::input_sanitization_tests::test_file_upload_mime_type_validation ... ok
test input_sanitization_tests::input_sanitization_tests::test_file_upload_size_limit ... ok
test input_sanitization_tests::input_sanitization_tests::test_json_injection_nested_object_escaped ... ok
test input_sanitization_tests::input_sanitization_tests::test_json_injection_type_coercion ... ok
test input_sanitization_tests::input_sanitization_tests::test_null_byte_injection_blocked ... ok
test input_sanitization_tests::input_sanitization_tests::test_numeric_overflow_prevented ... ok
test input_sanitization_tests::input_sanitization_tests::test_numeric_range_validation ... ok
test input_sanitization_tests::input_sanitization_tests::test_path_traversal_dot_slash_blocked ... ok
test input_sanitization_tests::input_sanitization_tests::test_path_traversal_parent_dir_blocked ... ok
test input_sanitization_tests::input_sanitization_tests::test_sql_injection_comment_bypass_blocked ... ok
test input_sanitization_tests::input_sanitization_tests::test_sql_injection_drop_table_blocked ... ok
test input_sanitization_tests::input_sanitization_tests::test_sql_injection_time_based_blocked ... ok
test input_sanitization_tests::input_sanitization_tests::test_sql_injection_union_select_blocked ... ok
test input_sanitization_tests::input_sanitization_tests::test_unicode_normalization ... ok
test input_sanitization_tests::input_sanitization_tests::test_url_scheme_whitelist ... ok
test input_sanitization_tests::input_sanitization_tests::test_valid_command_args_allowed ... ok
test input_sanitization_tests::input_sanitization_tests::test_valid_file_paths_allowed ... ok
test input_sanitization_tests::input_sanitization_tests::test_valid_sql_input_allowed ... ok
test input_sanitization_tests::input_sanitization_tests::test_xss_encoded_payload_detection ... ok
test input_sanitization_tests::input_sanitization_tests::test_xss_inline_js_escaped ... ok
test input_sanitization_tests::input_sanitization_tests::test_xss_javascript_protocol_escaped ... ok
test input_sanitization_tests::input_sanitization_tests::test_xss_onerror_event_escaped ... ok
test input_sanitization_tests::input_sanitization_tests::test_xss_script_tag_escaped ... ok
test input_sanitization_tests::input_sanitization_tests::test_xss_svg_payload_escaped ... ok
test integration_tests_level1::integration_tests_level1::test_config_builder_integration ... ok
test integration_tests_level1::integration_tests_level1::test_async_operation_chain ... ok
test integration_tests_level1::integration_tests_level1::test_config_env_to_scoring ... ok
test integration_tests_level1::integration_tests_level1::test_config_rate_limit_to_api ... ok
test integration_tests_level1::integration_tests_level1::test_data_flow_integrity ... ok
test integration_tests_level1::integration_tests_level1::test_consistent_error_codes ... ok
test integration_tests_level1::integration_tests_level1::test_full_scoring_workflow ... ok
test integration_tests_level1::integration_tests_level1::test_fixture_builder_chain ... ok
test integration_tests_level1::integration_tests_level1::test_malformed_input_to_error_message ... ok
test integration_tests_level1::integration_tests_level1::test_min_max_boundaries ... ok
test integration_tests_level1::integration_tests_level1::test_resource_cleanup ... ok
test integration_tests_level1::integration_tests_level1::test_off_by_one_errors ... ok
test integration_tests_level1::integration_tests_level1::test_type_mismatch_error_handling ... ok
test load_testing_tests::load_testing_tests::test_api_favorites_latency_baseline ... ok
test integration_tests_level1::integration_tests_level1::test_task_cleanup ... ok
test load_testing_tests::load_testing_tests::test_api_search_latency_baseline ... ok
test load_testing_tests::load_testing_tests::test_cache_eviction_lru_policy ... ok
test load_testing_tests::load_testing_tests::test_cache_hit_ratio_over_70_percent ... ok
test load_testing_tests::load_testing_tests::test_connection_pool_recovery_after_failure ... ok
test load_testing_tests::load_testing_tests::test_cpu_under_100_concurrent_load ... ok
test load_testing_tests::load_testing_tests::test_db_connection_pool_size_10 ... ok
test load_testing_tests::load_testing_tests::test_db_query_timeout_after_30_seconds ... ok
test load_testing_tests::load_testing_tests::test_download_start_latency_baseline ... ok
test load_testing_tests::load_testing_tests::test_error_rate_under_extreme_load_capped ... ok
test load_testing_tests::load_testing_tests::test_graceful_degradation_at_10x_load ... ok
test load_testing_tests::load_testing_tests::test_memory_under_1000_concurrent_users ... ok
test load_testing_tests::load_testing_tests::test_no_memory_leak_under_sustained_load ... ok
test integration_tests_level1::integration_tests_level1::test_http_429_retry_after ... ok
test load_testing_tests::load_testing_tests::test_request_distribution_across_instances ... ok
test load_testing_tests::load_testing_tests::test_recovery_after_spike ... ok
test load_testing_tests::load_testing_tests::test_sticky_session_distribution ... ok
test load_testing_tests::load_testing_tests::test_spike_from_50_to_500_requests_per_second ... ok
test load_testing_tests::load_testing_tests::test_worker_queue_handles_1000_jobs ... ok
test load_testing_tests::load_testing_tests::test_worker_throughput_under_load ... ok
test message_contract_tests::message_contract_tests::test_backward_compatibility_v1_message_in_v2_system ... ok
test message_contract_tests::message_contract_tests::test_backward_compatibility_with_defaults ... ok
test message_contract_tests::message_contract_tests::test_empty_string_fields ... ok
test message_contract_tests::message_contract_tests::test_explicit_version_field ... ok
test message_contract_tests::message_contract_tests::test_field_type_validation_number ... ok
test message_contract_tests::message_contract_tests::test_field_type_validation_option ... ok
test message_contract_tests::message_contract_tests::test_field_type_validation_string ... ok
test message_contract_tests::message_contract_tests::test_forward_compatibility_extra_nested_fields ... ok
test message_contract_tests::message_contract_tests::test_forward_compatibility_unknown_fields ... ok
test message_contract_tests::message_contract_tests::test_message_envelope_pattern ... ok
test message_contract_tests::message_contract_tests::test_missing_required_field_fails ... ok
test message_contract_tests::message_contract_tests::test_null_values_in_optional_fields ... ok
test message_contract_tests::message_contract_tests::test_optional_fields_omitted ... ok
test message_contract_tests::message_contract_tests::test_required_fields_validation ... ok
test message_contract_tests::message_contract_tests::test_schema_evolution_add_optional_field ... ok
test message_contract_tests::message_contract_tests::test_schema_evolution_add_required_field_breaking ... ok
test message_contract_tests::message_contract_tests::test_schema_evolution_rename_field ... ok
test message_contract_tests::message_contract_tests::test_serialization_preserves_precision ... ok
test message_contract_tests::message_contract_tests::test_serialization_roundtrip ... ok
test message_contract_tests::message_contract_tests::test_unicode_in_strings ... ok
test message_contract_tests::message_contract_tests::test_version_routing_logic ... ok
test message_contract_tests::message_contract_tests::test_very_large_numbers ... ok
test nats_integration_tests::nats_jetstream_tests::test_nats_ack_nack_concept ... ok
test nats_integration_tests::nats_jetstream_tests::test_nats_consumer_group_concept ... ok
test nats_integration_tests::nats_jetstream_tests::test_nats_message_retry_logic ... ok
test nats_integration_tests::nats_jetstream_tests::test_nats_message_structure ... ok
test performance_concurrency_tests::load_stress_tests::test_load_1000_config_reads ... ok
test performance_concurrency_tests::load_stress_tests::test_stress_concurrent_tasks ... ok
test nats_integration_tests::nats_jetstream_tests::test_nats_publish_basic_placeholder ... ok
test nats_integration_tests::nats_jetstream_tests::test_nats_connection_placeholder ... ok
test performance_concurrency_tests::performance_concurrency_tests::test_concurrent_config_reads ... ok
test performance_concurrency_tests::performance_concurrency_tests::test_concurrent_http_requests ... ok
test performance_concurrency_tests::performance_concurrency_tests::test_concurrent_writes_to_shared_state ... ok
test performance_concurrency_tests::load_stress_tests::test_stress_json_serialization ... ok
test performance_concurrency_tests::performance_concurrency_tests::test_channel_backpressure ... ok
test performance_concurrency_tests::performance_concurrency_tests::test_no_unsafe_code_used ... ok
test performance_concurrency_tests::performance_concurrency_tests::test_owned_vs_borrowed ... ok
test performance_concurrency_tests::performance_concurrency_tests::test_recursive_depth_limit ... ok
test performance_concurrency_tests::performance_concurrency_tests::test_retry_with_timeout ... ok
test performance_concurrency_tests::performance_concurrency_tests::test_scoring_1000_torrents_performance ... ok
test performance_concurrency_tests::performance_concurrency_tests::test_string_builder_large ... ok
test load_testing_tests::load_testing_tests::test_1000_concurrent_users_sustained ... ok
test precommit_hooks_tests::precommit_hooks_tests::test_cargo_audit_check ... ok
test precommit_hooks_tests::precommit_hooks_tests::test_cargo_clippy_check ... ok
test precommit_hooks_tests::precommit_hooks_tests::test_cargo_fmt_check ... ok
test precommit_hooks_tests::precommit_hooks_tests::test_code_compiles_before_commit ... ok
test precommit_hooks_tests::precommit_hooks_tests::test_code_formatting_consistent ... ok
test precommit_hooks_tests::precommit_hooks_tests::test_commit_message_has_prefix ... ok
test precommit_hooks_tests::precommit_hooks_tests::test_commit_message_line_length ... ok
test precommit_hooks_tests::precommit_hooks_tests::test_commit_message_no_period_at_end ... ok
test performance_concurrency_tests::performance_concurrency_tests::test_json_parse_1000_items_performance ... ok
test precommit_hooks_tests::precommit_hooks_tests::test_commit_message_not_empty ... ok
test precommit_hooks_tests::precommit_hooks_tests::test_large_binary_files_not_committed ... ok
test precommit_hooks_tests::precommit_hooks_tests::test_new_code_has_tests ... ok
test precommit_hooks_tests::precommit_hooks_tests::test_no_compiler_warnings ... ok
test precommit_hooks_tests::precommit_hooks_tests::test_no_credentials_in_commit ... ok
test precommit_hooks_tests::precommit_hooks_tests::test_no_dead_code ... ok
test precommit_hooks_tests::precommit_hooks_tests::test_no_hardcoded_secrets ... ok
test precommit_hooks_tests::precommit_hooks_tests::test_no_merge_conflict_markers ... ok
test precommit_hooks_tests::precommit_hooks_tests::test_no_trailing_whitespace ... ok
test precommit_hooks_tests::precommit_hooks_tests::test_no_unused_imports ... ok
test precommit_hooks_tests::precommit_hooks_tests::test_no_unused_variables ... ok
test precommit_hooks_tests::precommit_hooks_tests::test_precommit_bypass_available ... ok
test precommit_hooks_tests::precommit_hooks_tests::test_precommit_bypass_documented ... ok
test precommit_hooks_tests::precommit_hooks_tests::test_precommit_hook_allows_good_commits ... ok
test precommit_hooks_tests::precommit_hooks_tests::test_precommit_hook_executable ... ok
test precommit_hooks_tests::precommit_hooks_tests::test_precommit_hook_fails_on_violations ... ok
test precommit_hooks_tests::precommit_hooks_tests::test_precommit_hook_installed ... ok
test precommit_hooks_tests::precommit_hooks_tests::test_public_functions_documented ... ok
test precommit_hooks_tests::precommit_hooks_tests::test_readme_updated_for_major_changes ... ok
test precommit_hooks_tests::precommit_hooks_tests::test_secret_patterns_blocked ... ok
test precommit_hooks_tests::precommit_hooks_tests::test_sensitive_files_protected ... FAILED
test precommit_hooks_tests::precommit_hooks_tests::test_test_file_naming_convention ... ok
test precommit_hooks_tests::precommit_hooks_tests::test_tests_pass_before_commit ... ok
test prometheus_metrics_tests::prometheus_metrics_tests::test_active_connections_gauge ... ok
test prometheus_metrics_tests::prometheus_metrics_tests::test_all_requests_contribute_to_metrics ... ok
test prometheus_metrics_tests::prometheus_metrics_tests::test_api_requests_total_counter ... ok
test prometheus_metrics_tests::prometheus_metrics_tests::test_bounded_metric_cardinality ... ok
test prometheus_metrics_tests::prometheus_metrics_tests::test_cache_hits_total_counter ... ok
test prometheus_metrics_tests::prometheus_metrics_tests::test_cache_lookup_duration_histogram ... ok
test prometheus_metrics_tests::prometheus_metrics_tests::test_counter_names_end_with_total ... ok
test prometheus_metrics_tests::prometheus_metrics_tests::test_db_connection_pool_gauge ... ok
test prometheus_metrics_tests::prometheus_metrics_tests::test_disk_usage_gauge ... ok
test prometheus_metrics_tests::prometheus_metrics_tests::test_duration_metrics_in_seconds ... ok
test prometheus_metrics_tests::prometheus_metrics_tests::test_errors_total_counter ... ok
test prometheus_metrics_tests::prometheus_metrics_tests::test_gauge_metrics_can_fluctuate ... ok
test prometheus_metrics_tests::prometheus_metrics_tests::test_latency_percentiles_valid ... ok
test prometheus_metrics_tests::prometheus_metrics_tests::test_memory_usage_gauge ... ok
test prometheus_metrics_tests::prometheus_metrics_tests::test_metrics_endpoint_timeout ... ok
test prometheus_metrics_tests::prometheus_metrics_tests::test_metrics_follow_naming_convention ... ok
test prometheus_metrics_tests::prometheus_metrics_tests::test_metrics_format_is_prometheus ... ok
test prometheus_metrics_tests::prometheus_metrics_tests::test_metrics_have_required_labels ... ok
test prometheus_metrics_tests::prometheus_metrics_tests::test_metrics_increase_monotonically ... ok
test performance_concurrency_tests::performance_concurrency_tests::test_no_blocking_in_async ... ok
test prometheus_metrics_tests::prometheus_metrics_tests::test_metrics_instance_label ... ok
test prometheus_metrics_tests::prometheus_metrics_tests::test_metrics_no_authentication_required ... ok
test prometheus_metrics_tests::prometheus_metrics_tests::test_no_unbounded_labels ... ok
test prometheus_metrics_tests::prometheus_metrics_tests::test_prometheus_endpoint_available ... ok
test prometheus_metrics_tests::prometheus_metrics_tests::test_queue_depth_gauge ... ok
test prometheus_metrics_tests::prometheus_metrics_tests::test_request_count_accuracy ... ok
test prometheus_metrics_tests::prometheus_metrics_tests::test_request_duration_histogram ... ok
test prometheus_metrics_tests::prometheus_metrics_tests::test_scrape_interval_respected ... ok
test prometheus_metrics_tests::prometheus_metrics_tests::test_worker_job_duration_histogram ... ok
test prometheus_metrics_tests::prometheus_metrics_tests::test_worker_jobs_recorded_in_metrics ... ok
test rate_limiting_tests::rate_limiting_tests::test_burst_detection_and_throttling ... ok
test prometheus_metrics_tests::prometheus_metrics_tests::test_worker_jobs_total_counter ... ok
test rate_limiting_tests::rate_limiting_tests::test_different_ips_isolated ... ok
test rate_limiting_tests::rate_limiting_tests::test_download_endpoint_rate_limit ... ok
test rate_limiting_tests::rate_limiting_tests::test_header_spoofing_bypassing_attempt ... ok
test rate_limiting_tests::rate_limiting_tests::test_login_attempt_rate_limit ... ok
test rate_limiting_tests::rate_limiting_tests::test_per_user_isolated_limits ... ok
test rate_limiting_tests::rate_limiting_tests::test_global_ip_rate_limit_1000_per_minute ... ok
test rate_limiting_tests::rate_limiting_tests::test_per_user_rate_limit_100_req_per_minute ... ok
test rate_limiting_tests::rate_limiting_tests::test_rate_limit_response_headers ... ok
test rate_limiting_tests::rate_limiting_tests::test_rate_limit_across_instances ... ok
test performance_concurrency_tests::performance_concurrency_tests::test_large_vector_allocation ... ok
test rate_limiting_tests::rate_limiting_tests::test_rate_limit_window_reset ... ok
test rate_limiting_tests::rate_limiting_tests::test_rate_limiter_under_extreme_load ... ok
test rate_limiting_tests::rate_limiting_tests::test_redis_expiring_keys ... ok
test rate_limiting_tests::rate_limiting_tests::test_redis_rate_limit_key_format ... ok
test rate_limiting_tests::rate_limiting_tests::test_retry_after_calculation ... ok
test rate_limiting_tests::rate_limiting_tests::test_search_endpoint_rate_limit ... ok
test release_automation_tests::release_automation_tests::test_binary_artifact_named_correctly ... ok
test rate_limiting_tests::rate_limiting_tests::test_unauthenticated_stricter_limit ... ok
test release_automation_tests::release_automation_tests::test_breaking_changes_highlighted ... ok
test release_automation_tests::release_automation_tests::test_changelog_has_sections ... ok
test release_automation_tests::release_automation_tests::test_changelog_updated ... ok
test release_automation_tests::release_automation_tests::test_checksum_file_included ... ok
test release_automation_tests::release_automation_tests::test_dependencies_up_to_date ... ok
test release_automation_tests::release_automation_tests::test_deployment_to_staging_automatic ... ok
test release_automation_tests::release_automation_tests::test_docker_image_pushed_to_registry ... ok
test release_automation_tests::release_automation_tests::test_docker_image_signed ... ok
test release_automation_tests::release_automation_tests::test_docker_image_tagged_latest ... ok
test release_automation_tests::release_automation_tests::test_docker_image_tagged_with_version ... ok
test release_automation_tests::release_automation_tests::test_github_release_created ... ok
test release_automation_tests::release_automation_tests::test_migration_guide_for_breaking_changes ... ok
test release_automation_tests::release_automation_tests::test_no_security_vulnerabilities ... ok
test release_automation_tests::release_automation_tests::test_production_deployment_manual ... ok
test release_automation_tests::release_automation_tests::test_release_announcement_sent ... ok
test release_automation_tests::release_automation_tests::test_release_assets_attached ... ok
test release_automation_tests::release_automation_tests::test_release_body_has_changelog ... ok
test release_automation_tests::release_automation_tests::test_release_branch_protection ... ok
test release_automation_tests::release_automation_tests::test_release_documented_in_wiki ... ok
test release_automation_tests::release_automation_tests::test_release_notes_prepared_beforehand ... ok
test release_automation_tests::release_automation_tests::test_release_notes_template ... ok
test release_automation_tests::release_automation_tests::test_release_only_from_main ... ok
test release_automation_tests::release_automation_tests::test_release_schedule_defined ... ok
test release_automation_tests::release_automation_tests::test_release_title_matches_tag ... ok
test release_automation_tests::release_automation_tests::test_rollback_documented ... ok
test release_automation_tests::release_automation_tests::test_rollback_previous_version_available ... ok
test release_automation_tests::release_automation_tests::test_smoke_tests_run_on_staging ... ok
test release_automation_tests::release_automation_tests::test_tag_created_on_release ... ok
test release_automation_tests::release_automation_tests::test_tag_format_matches_version ... ok
test release_automation_tests::release_automation_tests::test_tag_has_annotation ... ok
test release_automation_tests::release_automation_tests::test_tag_release_notes ... ok
test release_automation_tests::release_automation_tests::test_version_bump_major ... ok
test release_automation_tests::release_automation_tests::test_version_bump_minor ... ok
test release_automation_tests::release_automation_tests::test_version_bump_patch ... ok
test release_automation_tests::release_automation_tests::test_version_in_cargo_toml ... ok
test release_automation_tests::release_automation_tests::test_version_not_snapshot ... ok
test release_automation_tests::release_automation_tests::test_version_semver_format ... ok
test secrets_audit_tests::secrets_audit_tests::test_api_key_not_logged_in_full ... ok
test secrets_audit_tests::secrets_audit_tests::test_database_credentials_not_exposed ... ok
test secrets_audit_tests::secrets_audit_tests::test_dotenv_file_gitignored ... ok
test secrets_audit_tests::secrets_audit_tests::test_env_vars_not_printed_in_startup ... ok
test secrets_audit_tests::secrets_audit_tests::test_example_env_has_no_real_values ... ok
test secrets_audit_tests::secrets_audit_tests::test_jwt_token_not_logged_in_full ... ok
test secrets_audit_tests::secrets_audit_tests::test_no_leaked_credentials_in_strings ... ok
test secrets_audit_tests::secrets_audit_tests::test_no_secrets_in_error_messages ... ok
test secrets_audit_tests::secrets_audit_tests::test_password_not_logged_in_debug_output ... ok
test secrets_audit_tests::secrets_audit_tests::test_personally_identifiable_data_masked ... ok
test secrets_audit_tests::secrets_audit_tests::test_pii_handling_in_logs ... ok
test secrets_audit_tests::secrets_audit_tests::test_redaction_markers_consistent ... ok
test secrets_audit_tests::secrets_audit_tests::test_secrets_can_be_rotated_without_redeploy ... ok
test secrets_audit_tests::secrets_audit_tests::test_secrets_not_in_debug_impl ... ok
test secrets_audit_tests::secrets_audit_tests::test_sensitive_action_logging ... ok
test secrets_audit_tests::secrets_audit_tests::test_sensitive_field_filtering ... ok
test secrets_audit_tests::secrets_audit_tests::test_stack_trace_no_sensitive_data ... ok
test secrets_audit_tests::secrets_audit_tests::test_telegram_bot_token_not_logged ... ok
test secrets_audit_tests::secrets_audit_tests::test_vulnerable_dependency_detection ... ok
test security_robustness_tests::robustness_edge_cases::test_config_empty_prowlarr_url ... ok
test security_robustness_tests::robustness_edge_cases::test_config_invalid_server_address ... ok
test security_robustness_tests::robustness_edge_cases::test_config_max_concurrent_huge ... ok
test security_robustness_tests::robustness_edge_cases::test_config_max_concurrent_zero ... ok
test security_robustness_tests::robustness_edge_cases::test_cors_origins_many_entries ... ok
test security_robustness_tests::robustness_edge_cases::test_cors_origins_with_wildcard ... ok
test security_robustness_tests::robustness_edge_cases::test_http_headers_no_injection ... ok
test security_robustness_tests::robustness_edge_cases::test_integer_overflow_i64 ... ok
test security_robustness_tests::robustness_edge_cases::test_http_timeout_respected ... ok
test security_robustness_tests::robustness_edge_cases::test_json_extra_fields ... ok
test security_robustness_tests::robustness_edge_cases::test_json_malformed ... ok
test security_robustness_tests::robustness_edge_cases::test_json_missing_required_fields ... ok
test security_robustness_tests::robustness_edge_cases::test_option_none_handling ... ok
test security_robustness_tests::robustness_edge_cases::test_retry_exponential_backoff_no_overflow ... ok
test security_robustness_tests::robustness_edge_cases::test_retry_negative_delay ... ok
test security_robustness_tests::robustness_edge_cases::test_retry_zero_attempts ... ok
test security_robustness_tests::robustness_edge_cases::test_scoring_huge_seeders ... ok
test security_robustness_tests::robustness_edge_cases::test_scoring_negative_size ... ok
test security_robustness_tests::robustness_edge_cases::test_scoring_zero_seeders ... ok
test security_robustness_tests::robustness_edge_cases::test_scoring_zero_size ... ok
test security_robustness_tests::robustness_edge_cases::test_string_encoding_utf8 ... ok
test security_robustness_tests::robustness_edge_cases::test_torrent_title_empty ... ok
test security_robustness_tests::robustness_edge_cases::test_torrent_title_unicode ... ok
test security_robustness_tests::robustness_edge_cases::test_torrent_title_very_long ... ok
test load_testing_tests::load_testing_tests::test_100_concurrent_users_simultaneous ... ok
test security_robustness_tests::security_tests::test_bool_type_coercion ... ok
test security_robustness_tests::security_tests::test_no_api_key_in_error_message ... ok
test security_robustness_tests::security_tests::test_no_database_url_in_logs ... ok
test security_robustness_tests::security_tests::test_no_password_in_logs ... ok
test security_robustness_tests::security_tests::test_null_byte_rejection ... ok
test security_robustness_tests::security_tests::test_path_traversal_prevention ... ok
test security_robustness_tests::security_tests::test_payload_size_limit ... ok
test security_robustness_tests::security_tests::test_query_max_length ... ok
test security_robustness_tests::security_tests::test_sqlx_parameterization_conceptual ... ok
test security_robustness_tests::security_tests::test_string_to_int_coercion ... ok
test security_robustness_tests::security_tests::test_valid_download_path ... ok
test security_robustness_tests::security_tests::test_xss_html_encoding ... ok
test tests::fixtures::tests::test_config_builder ... ok
test security_robustness_tests::security_tests::test_xss_in_title ... ok
test utils::fuzzy::tests::test_completely_different ... ok
test utils::fuzzy::tests::test_exact_match ... ok
test utils::fuzzy::tests::test_no_match ... ok
test utils::fuzzy::tests::test_substring_match ... ok
test utils::fuzzy::tests::test_torrent_name_match ... ok
test utils::resilience::tests::test_retry_delay_exponential ... ok
test utils::resilience::tests::test_circuit_breaker_opens_after_failures ... ok
test utils::scoring::tests::cam_penalized ... ok
test utils::scoring::tests::high_quality_scores_higher ... ok
test workers::metrics::tests::test_worker_metrics_error_tracking ... ok
test workers::metrics::tests::test_worker_metrics_creation ... ok
test workers_idempotence_tests::workers_idempotence_tests::test_concurrent_jobs_deduplication ... ok
test workers_idempotence_tests::workers_idempotence_tests::test_hunter_torrent_download_idempotence ... ok
test workers_idempotence_tests::workers_idempotence_tests::test_database_unique_constraint_enforcement ... ok
test workers_idempotence_tests::workers_idempotence_tests::test_idempotency_key_generation ... ok
test workers_idempotence_tests::workers_idempotence_tests::test_idempotent_operations ... ok
test workers_idempotence_tests::workers_idempotence_tests::test_oracle_inference_cache_hit ... ok
test workers_idempotence_tests::workers_idempotence_tests::test_partial_failure_with_retry ... ok
test workers_idempotence_tests::workers_idempotence_tests::test_scout_different_jobs_separate ... ok
test workers_idempotence_tests::workers_idempotence_tests::test_scout_duplicate_search_job_idempotent ... ok
test secrets_audit_tests::secrets_audit_tests::test_no_hardcoded_secrets_in_code ... ok
test workers_idempotence_tests::workers_idempotence_tests::test_worker_redelivery_safe_with_idempotent_key ... ok
test load_testing_tests::load_testing_tests::test_websocket_message_throughput ... ok
test integration_tests_level1::integration_tests_level1::test_http_timeout_triggers_retry ... ok
test performance_concurrency_tests::performance_concurrency_tests::test_timeout_in_async ... ok
test performance_concurrency_tests::performance_concurrency_tests::test_fuzzy_matching_performance ... ok
test utils::resilience::tests::test_circuit_breaker_closes_after_recovery ... ok
test load_testing_tests::load_testing_tests::test_sustained_100_req_per_second_for_60_seconds ... ok
test load_testing_tests::load_testing_tests::test_api_throughput_searches_per_second ... ok
test client_tests::flaresolverr_client_tests::test_flaresolverr_timeout ... ok

failures:

---- precommit_hooks_tests::precommit_hooks_tests::test_sensitive_files_protected stdout ----

thread 'precommit_hooks_tests::precommit_hooks_tests::test_sensitive_files_protected' (4528) panicked at src\precommit_hooks_tests.rs:244:13:
Sensitive file pattern: private.key
note: run with `RUST_BACKTRACE=1` environment variable to display a backtrace


failures:
    precommit_hooks_tests::precommit_hooks_tests::test_sensitive_files_protected

test result: FAILED. 487 passed; 1 failed; 0 ignored; 0 measured; 0 filtered out; finished in 2.03s

error: test failed, to rerun pass `--bin sokoul`
